
> hula@3.0.5 typecheck /Users/ljf/Desktop/back/foxchat/HuLamatrix
> vue-tsc -p tsconfig.json --noEmit

src/components/chat/ApplyList.vue(24,72): error TS2339: Property 'item' does not exist on type '{ RequestNoticeAgreeStatus: typeof RequestNoticeAgreeStatus; formatTimestamp: (timestamp: number, isDetail?: boolean) => string; t: ComposerTranslation<{ [x: string]: LocaleMessage<VueMessageType>; }, ... 4 more ..., never>; ... 41 more ...; $Lazyload: { ...; }; }'.
src/components/chat/ApplyList.vue(28,45): error TS2339: Property 'item' does not exist on type '{ RequestNoticeAgreeStatus: typeof RequestNoticeAgreeStatus; formatTimestamp: (timestamp: number, isDetail?: boolean) => string; t: ComposerTranslation<{ [x: string]: LocaleMessage<VueMessageType>; }, ... 4 more ..., never>; ... 41 more ...; $Lazyload: { ...; }; }'.
src/components/chat/ApplyList.vue(30,36): error TS2339: Property 'item' does not exist on type '{ RequestNoticeAgreeStatus: typeof RequestNoticeAgreeStatus; formatTimestamp: (timestamp: number, isDetail?: boolean) => string; t: ComposerTranslation<{ [x: string]: LocaleMessage<VueMessageType>; }, ... 4 more ..., never>; ... 41 more ...; $Lazyload: { ...; }; }'.
src/components/chat/ApplyList.vue(35,35): error TS2339: Property 'item' does not exist on type '{ RequestNoticeAgreeStatus: typeof RequestNoticeAgreeStatus; formatTimestamp: (timestamp: number, isDetail?: boolean) => string; t: ComposerTranslation<{ [x: string]: LocaleMessage<VueMessageType>; }, ... 4 more ..., never>; ... 41 more ...; $Lazyload: { ...; }; }'.
src/components/chat/ApplyList.vue(39,42): error TS2339: Property 'item' does not exist on type '{ RequestNoticeAgreeStatus: typeof RequestNoticeAgreeStatus; formatTimestamp: (timestamp: number, isDetail?: boolean) => string; t: ComposerTranslation<{ [x: string]: LocaleMessage<VueMessageType>; }, ... 4 more ..., never>; ... 41 more ...; $Lazyload: { ...; }; }'.
src/components/chat/ApplyList.vue(44,64): error TS2339: Property 'item' does not exist on type '{ RequestNoticeAgreeStatus: typeof RequestNoticeAgreeStatus; formatTimestamp: (timestamp: number, isDetail?: boolean) => string; t: ComposerTranslation<{ [x: string]: LocaleMessage<VueMessageType>; }, ... 4 more ..., never>; ... 41 more ...; $Lazyload: { ...; }; }'.
src/components/chat/ApplyList.vue(45,52): error TS2339: Property 'item' does not exist on type '{ RequestNoticeAgreeStatus: typeof RequestNoticeAgreeStatus; formatTimestamp: (timestamp: number, isDetail?: boolean) => string; t: ComposerTranslation<{ [x: string]: LocaleMessage<VueMessageType>; }, ... 4 more ..., never>; ... 41 more ...; $Lazyload: { ...; }; }'.
src/components/chat/ApplyList.vue(47,62): error TS2339: Property 'item' does not exist on type '{ RequestNoticeAgreeStatus: typeof RequestNoticeAgreeStatus; formatTimestamp: (timestamp: number, isDetail?: boolean) => string; t: ComposerTranslation<{ [x: string]: LocaleMessage<VueMessageType>; }, ... 4 more ..., never>; ... 41 more ...; $Lazyload: { ...; }; }'.
src/components/chat/ApplyList.vue(52,41): error TS2339: Property 'item' does not exist on type '{ RequestNoticeAgreeStatus: typeof RequestNoticeAgreeStatus; formatTimestamp: (timestamp: number, isDetail?: boolean) => string; t: ComposerTranslation<{ [x: string]: LocaleMessage<VueMessageType>; }, ... 4 more ..., never>; ... 41 more ...; $Lazyload: { ...; }; }'.
src/components/chat/ApplyList.vue(59,51): error TS2339: Property 'item' does not exist on type '{ RequestNoticeAgreeStatus: typeof RequestNoticeAgreeStatus; formatTimestamp: (timestamp: number, isDetail?: boolean) => string; t: ComposerTranslation<{ [x: string]: LocaleMessage<VueMessageType>; }, ... 4 more ..., never>; ... 41 more ...; $Lazyload: { ...; }; }'.
src/components/chat/ApplyList.vue(64,23): error TS2339: Property 'item' does not exist on type '{ RequestNoticeAgreeStatus: typeof RequestNoticeAgreeStatus; formatTimestamp: (timestamp: number, isDetail?: boolean) => string; t: ComposerTranslation<{ [x: string]: LocaleMessage<VueMessageType>; }, ... 4 more ..., never>; ... 41 more ...; $Lazyload: { ...; }; }'.
src/components/chat/ApplyList.vue(64,92): error TS2339: Property 'item' does not exist on type '{ RequestNoticeAgreeStatus: typeof RequestNoticeAgreeStatus; formatTimestamp: (timestamp: number, isDetail?: boolean) => string; t: ComposerTranslation<{ [x: string]: LocaleMessage<VueMessageType>; }, ... 4 more ..., never>; ... 41 more ...; $Lazyload: { ...; }; }'.
src/components/chat/ApplyList.vue(65,58): error TS2339: Property 'item' does not exist on type '{ RequestNoticeAgreeStatus: typeof RequestNoticeAgreeStatus; formatTimestamp: (timestamp: number, isDetail?: boolean) => string; t: ComposerTranslation<{ [x: string]: LocaleMessage<VueMessageType>; }, ... 4 more ..., never>; ... 41 more ...; $Lazyload: { ...; }; }'.
src/components/chat/ApplyList.vue(65,93): error TS2339: Property 'item' does not exist on type '{ RequestNoticeAgreeStatus: typeof RequestNoticeAgreeStatus; formatTimestamp: (timestamp: number, isDetail?: boolean) => string; t: ComposerTranslation<{ [x: string]: LocaleMessage<VueMessageType>; }, ... 4 more ..., never>; ... 41 more ...; $Lazyload: { ...; }; }'.
src/components/chat/ApplyList.vue(71,69): error TS2339: Property 'item' does not exist on type '{ RequestNoticeAgreeStatus: typeof RequestNoticeAgreeStatus; formatTimestamp: (timestamp: number, isDetail?: boolean) => string; t: ComposerTranslation<{ [x: string]: LocaleMessage<VueMessageType>; }, ... 4 more ..., never>; ... 41 more ...; $Lazyload: { ...; }; }'.
src/components/chat/ApplyList.vue(81,28): error TS2339: Property 'item' does not exist on type '{ RequestNoticeAgreeStatus: typeof RequestNoticeAgreeStatus; formatTimestamp: (timestamp: number, isDetail?: boolean) => string; t: ComposerTranslation<{ [x: string]: LocaleMessage<VueMessageType>; }, ... 4 more ..., never>; ... 41 more ...; $Lazyload: { ...; }; }'.
src/components/chat/ApplyList.vue(86,28): error TS2339: Property 'item' does not exist on type '{ RequestNoticeAgreeStatus: typeof RequestNoticeAgreeStatus; formatTimestamp: (timestamp: number, isDetail?: boolean) => string; t: ComposerTranslation<{ [x: string]: LocaleMessage<VueMessageType>; }, ... 4 more ..., never>; ... 41 more ...; $Lazyload: { ...; }; }'.
src/components/chat/ApplyList.vue(91,28): error TS2339: Property 'item' does not exist on type '{ RequestNoticeAgreeStatus: typeof RequestNoticeAgreeStatus; formatTimestamp: (timestamp: number, isDetail?: boolean) => string; t: ComposerTranslation<{ [x: string]: LocaleMessage<VueMessageType>; }, ... 4 more ..., never>; ... 41 more ...; $Lazyload: { ...; }; }'.
src/components/chat/ApplyList.vue(96,68): error TS2339: Property 'item' does not exist on type '{ RequestNoticeAgreeStatus: typeof RequestNoticeAgreeStatus; formatTimestamp: (timestamp: number, isDetail?: boolean) => string; t: ComposerTranslation<{ [x: string]: LocaleMessage<VueMessageType>; }, ... 4 more ..., never>; ... 41 more ...; $Lazyload: { ...; }; }'.
src/components/chat/ApplyList.vue(97,42): error TS2339: Property 'item' does not exist on type '{ RequestNoticeAgreeStatus: typeof RequestNoticeAgreeStatus; formatTimestamp: (timestamp: number, isDetail?: boolean) => string; t: ComposerTranslation<{ [x: string]: LocaleMessage<VueMessageType>; }, ... 4 more ..., never>; ... 41 more ...; $Lazyload: { ...; }; }'.
src/components/chat/ApplyList.vue(99,30): error TS2339: Property 'item' does not exist on type '{ RequestNoticeAgreeStatus: typeof RequestNoticeAgreeStatus; formatTimestamp: (timestamp: number, isDetail?: boolean) => string; t: ComposerTranslation<{ [x: string]: LocaleMessage<VueMessageType>; }, ... 4 more ..., never>; ... 41 more ...; $Lazyload: { ...; }; }'.
src/components/chat/ApplyList.vue(101,23): error TS2339: Property 'item' does not exist on type '{ RequestNoticeAgreeStatus: typeof RequestNoticeAgreeStatus; formatTimestamp: (timestamp: number, isDetail?: boolean) => string; t: ComposerTranslation<{ [x: string]: LocaleMessage<VueMessageType>; }, ... 4 more ..., never>; ... 41 more ...; $Lazyload: { ...; }; }'.
src/components/chat/chatBox/ChatSidebar.vue(132,53): error TS2339: Property 'item' does not exist on type '{ OnlineEnum: typeof OnlineEnum; RoleEnum: typeof RoleEnum; ThemeEnum: typeof ThemeEnum; AvatarUtils: typeof AvatarUtils; t: ComposerTranslation<{ [x: string]: LocaleMessage<VueMessageType>; }, ... 4 more ..., never>; ... 59 more ...; $Lazyload: { ...; }; }'.
src/components/chat/chatBox/ChatSidebar.vue(133,47): error TS2339: Property 'item' does not exist on type '{ OnlineEnum: typeof OnlineEnum; RoleEnum: typeof RoleEnum; ThemeEnum: typeof ThemeEnum; AvatarUtils: typeof AvatarUtils; t: ComposerTranslation<{ [x: string]: LocaleMessage<VueMessageType>; }, ... 4 more ..., never>; ... 59 more ...; $Lazyload: { ...; }; }'.
src/components/chat/chatBox/ChatSidebar.vue(140,27): error TS2339: Property 'item' does not exist on type '{ OnlineEnum: typeof OnlineEnum; RoleEnum: typeof RoleEnum; ThemeEnum: typeof ThemeEnum; AvatarUtils: typeof AvatarUtils; t: ComposerTranslation<{ [x: string]: LocaleMessage<VueMessageType>; }, ... 4 more ..., never>; ... 59 more ...; $Lazyload: { ...; }; }'.
src/components/chat/chatBox/ChatSidebar.vue(141,39): error TS2339: Property 'item' does not exist on type '{ OnlineEnum: typeof OnlineEnum; RoleEnum: typeof RoleEnum; ThemeEnum: typeof ThemeEnum; AvatarUtils: typeof AvatarUtils; t: ComposerTranslation<{ [x: string]: LocaleMessage<VueMessageType>; }, ... 4 more ..., never>; ... 59 more ...; $Lazyload: { ...; }; }'.
src/components/chat/chatBox/ChatSidebar.vue(145,41): error TS2339: Property 'item' does not exist on type '{ OnlineEnum: typeof OnlineEnum; RoleEnum: typeof RoleEnum; ThemeEnum: typeof ThemeEnum; AvatarUtils: typeof AvatarUtils; t: ComposerTranslation<{ [x: string]: LocaleMessage<VueMessageType>; }, ... 4 more ..., never>; ... 59 more ...; $Lazyload: { ...; }; }'.
src/components/chat/chatBox/ChatSidebar.vue(146,25): error TS2339: Property 'item' does not exist on type '{ OnlineEnum: typeof OnlineEnum; RoleEnum: typeof RoleEnum; ThemeEnum: typeof ThemeEnum; AvatarUtils: typeof AvatarUtils; t: ComposerTranslation<{ [x: string]: LocaleMessage<VueMessageType>; }, ... 4 more ..., never>; ... 59 more ...; $Lazyload: { ...; }; }'.
src/components/chat/chatBox/ChatSidebar.vue(156,50): error TS2339: Property 'item' does not exist on type '{ OnlineEnum: typeof OnlineEnum; RoleEnum: typeof RoleEnum; ThemeEnum: typeof ThemeEnum; AvatarUtils: typeof AvatarUtils; t: ComposerTranslation<{ [x: string]: LocaleMessage<VueMessageType>; }, ... 4 more ..., never>; ... 59 more ...; $Lazyload: { ...; }; }'.
src/components/chat/chatBox/ChatSidebar.vue(160,56): error TS2339: Property 'item' does not exist on type '{ OnlineEnum: typeof OnlineEnum; RoleEnum: typeof RoleEnum; ThemeEnum: typeof ThemeEnum; AvatarUtils: typeof AvatarUtils; t: ComposerTranslation<{ [x: string]: LocaleMessage<VueMessageType>; }, ... 4 more ..., never>; ... 59 more ...; $Lazyload: { ...; }; }'.
src/components/chat/chatBox/ChatSidebar.vue(161,46): error TS2339: Property 'item' does not exist on type '{ OnlineEnum: typeof OnlineEnum; RoleEnum: typeof RoleEnum; ThemeEnum: typeof ThemeEnum; AvatarUtils: typeof AvatarUtils; t: ComposerTranslation<{ [x: string]: LocaleMessage<VueMessageType>; }, ... 4 more ..., never>; ... 59 more ...; $Lazyload: { ...; }; }'.
src/components/chat/chatBox/ChatSidebar.vue(162,47): error TS2339: Property 'item' does not exist on type '{ OnlineEnum: typeof OnlineEnum; RoleEnum: typeof RoleEnum; ThemeEnum: typeof ThemeEnum; AvatarUtils: typeof AvatarUtils; t: ComposerTranslation<{ [x: string]: LocaleMessage<VueMessageType>; }, ... 4 more ..., never>; ... 59 more ...; $Lazyload: { ...; }; }'.
src/components/chat/chatBox/ChatSidebar.vue(165,34): error TS2339: Property 'item' does not exist on type '{ OnlineEnum: typeof OnlineEnum; RoleEnum: typeof RoleEnum; ThemeEnum: typeof ThemeEnum; AvatarUtils: typeof AvatarUtils; t: ComposerTranslation<{ [x: string]: LocaleMessage<VueMessageType>; }, ... 4 more ..., never>; ... 59 more ...; $Lazyload: { ...; }; }'.
src/components/chat/chatBox/ChatSidebar.vue(166,28): error TS2339: Property 'item' does not exist on type '{ OnlineEnum: typeof OnlineEnum; RoleEnum: typeof RoleEnum; ThemeEnum: typeof ThemeEnum; AvatarUtils: typeof AvatarUtils; t: ComposerTranslation<{ [x: string]: LocaleMessage<VueMessageType>; }, ... 4 more ..., never>; ... 59 more ...; $Lazyload: { ...; }; }'.
src/components/chat/chatBox/ChatSidebar.vue(166,42): error TS2339: Property 'item' does not exist on type '{ OnlineEnum: typeof OnlineEnum; RoleEnum: typeof RoleEnum; ThemeEnum: typeof ThemeEnum; AvatarUtils: typeof AvatarUtils; t: ComposerTranslation<{ [x: string]: LocaleMessage<VueMessageType>; }, ... 4 more ..., never>; ... 59 more ...; $Lazyload: { ...; }; }'.
src/components/chat/chatBox/ChatSidebar.vue(166,56): error TS2339: Property 'item' does not exist on type '{ OnlineEnum: typeof OnlineEnum; RoleEnum: typeof RoleEnum; ThemeEnum: typeof ThemeEnum; AvatarUtils: typeof AvatarUtils; t: ComposerTranslation<{ [x: string]: LocaleMessage<VueMessageType>; }, ... 4 more ..., never>; ... 59 more ...; $Lazyload: { ...; }; }'.
src/components/chat/chatBox/ChatSidebar.vue(169,31): error TS2339: Property 'item' does not exist on type '{ OnlineEnum: typeof OnlineEnum; RoleEnum: typeof RoleEnum; ThemeEnum: typeof ThemeEnum; AvatarUtils: typeof AvatarUtils; t: ComposerTranslation<{ [x: string]: LocaleMessage<VueMessageType>; }, ... 4 more ..., never>; ... 59 more ...; $Lazyload: { ...; }; }'.
src/components/chat/chatBox/ChatSidebar.vue(169,64): error TS2339: Property 'item' does not exist on type '{ OnlineEnum: typeof OnlineEnum; RoleEnum: typeof RoleEnum; ThemeEnum: typeof ThemeEnum; AvatarUtils: typeof AvatarUtils; t: ComposerTranslation<{ [x: string]: LocaleMessage<VueMessageType>; }, ... 4 more ..., never>; ... 59 more ...; $Lazyload: { ...; }; }'.
src/components/chat/chatBox/ChatSidebar.vue(175,46): error TS2339: Property 'item' does not exist on type '{ OnlineEnum: typeof OnlineEnum; RoleEnum: typeof RoleEnum; ThemeEnum: typeof ThemeEnum; AvatarUtils: typeof AvatarUtils; t: ComposerTranslation<{ [x: string]: LocaleMessage<VueMessageType>; }, ... 4 more ..., never>; ... 59 more ...; $Lazyload: { ...; }; }'.
src/components/chat/chatBox/ChatSidebar.vue(176,75): error TS2339: Property 'item' does not exist on type '{ OnlineEnum: typeof OnlineEnum; RoleEnum: typeof RoleEnum; ThemeEnum: typeof ThemeEnum; AvatarUtils: typeof AvatarUtils; t: ComposerTranslation<{ [x: string]: LocaleMessage<VueMessageType>; }, ... 4 more ..., never>; ... 59 more ...; $Lazyload: { ...; }; }'.
src/components/chat/chatBox/ChatSidebar.vue(179,68): error TS2339: Property 'item' does not exist on type '{ OnlineEnum: typeof OnlineEnum; RoleEnum: typeof RoleEnum; ThemeEnum: typeof ThemeEnum; AvatarUtils: typeof AvatarUtils; t: ComposerTranslation<{ [x: string]: LocaleMessage<VueMessageType>; }, ... 4 more ..., never>; ... 59 more ...; $Lazyload: { ...; }; }'.
src/components/chat/chatBox/ChatSidebar.vue(180,63): error TS2339: Property 'item' does not exist on type '{ OnlineEnum: typeof OnlineEnum; RoleEnum: typeof RoleEnum; ThemeEnum: typeof ThemeEnum; AvatarUtils: typeof AvatarUtils; t: ComposerTranslation<{ [x: string]: LocaleMessage<VueMessageType>; }, ... 4 more ..., never>; ... 59 more ...; $Lazyload: { ...; }; }'.
src/components/chat/chatBox/ChatSidebar.vue(187,27): error TS2339: Property 'item' does not exist on type '{ OnlineEnum: typeof OnlineEnum; RoleEnum: typeof RoleEnum; ThemeEnum: typeof ThemeEnum; AvatarUtils: typeof AvatarUtils; t: ComposerTranslation<{ [x: string]: LocaleMessage<VueMessageType>; }, ... 4 more ..., never>; ... 59 more ...; $Lazyload: { ...; }; }'.
src/components/chat/chatBox/ChatSidebar.vue(192,27): error TS2339: Property 'item' does not exist on type '{ OnlineEnum: typeof OnlineEnum; RoleEnum: typeof RoleEnum; ThemeEnum: typeof ThemeEnum; AvatarUtils: typeof AvatarUtils; t: ComposerTranslation<{ [x: string]: LocaleMessage<VueMessageType>; }, ... 4 more ..., never>; ... 59 more ...; $Lazyload: { ...; }; }'.
src/components/chat/chatBox/ChatSidebar.vue(200,46): error TS2339: Property 'item' does not exist on type '{ OnlineEnum: typeof OnlineEnum; RoleEnum: typeof RoleEnum; ThemeEnum: typeof ThemeEnum; AvatarUtils: typeof AvatarUtils; t: ComposerTranslation<{ [x: string]: LocaleMessage<VueMessageType>; }, ... 4 more ..., never>; ... 59 more ...; $Lazyload: { ...; }; }'.
src/components/chat/chatBox/ChatSidebar.vue(200,62): error TS2339: Property 'item' does not exist on type '{ OnlineEnum: typeof OnlineEnum; RoleEnum: typeof RoleEnum; ThemeEnum: typeof ThemeEnum; AvatarUtils: typeof AvatarUtils; t: ComposerTranslation<{ [x: string]: LocaleMessage<VueMessageType>; }, ... 4 more ..., never>; ... 59 more ...; $Lazyload: { ...; }; }'.
src/components/chat/chatBox/ChatSidebar.vue(200,87): error TS2339: Property 'item' does not exist on type '{ OnlineEnum: typeof OnlineEnum; RoleEnum: typeof RoleEnum; ThemeEnum: typeof ThemeEnum; AvatarUtils: typeof AvatarUtils; t: ComposerTranslation<{ [x: string]: LocaleMessage<VueMessageType>; }, ... 4 more ..., never>; ... 59 more ...; $Lazyload: { ...; }; }'.
src/components/chat/MsgInput.vue(136,53): error TS2339: Property 'item' does not exist on type '{ darkTheme: BuiltInGlobalTheme; lightTheme: BuiltInGlobalTheme; MacOsKeyEnum: typeof MacOsKeyEnum; RoomTypeEnum: typeof RoomTypeEnum; ... 76 more ...; $Lazyload: { ...; }; }'.
src/components/chat/MsgInput.vue(137,54): error TS2339: Property 'item' does not exist on type '{ darkTheme: BuiltInGlobalTheme; lightTheme: BuiltInGlobalTheme; MacOsKeyEnum: typeof MacOsKeyEnum; RoomTypeEnum: typeof RoomTypeEnum; ... 76 more ...; $Lazyload: { ...; }; }'.
src/components/chat/MsgInput.vue(138,35): error TS2339: Property 'item' does not exist on type '{ darkTheme: BuiltInGlobalTheme; lightTheme: BuiltInGlobalTheme; MacOsKeyEnum: typeof MacOsKeyEnum; RoomTypeEnum: typeof RoomTypeEnum; ... 76 more ...; $Lazyload: { ...; }; }'.
src/components/chat/MsgInput.vue(139,23): error TS2339: Property 'item' does not exist on type '{ darkTheme: BuiltInGlobalTheme; lightTheme: BuiltInGlobalTheme; MacOsKeyEnum: typeof MacOsKeyEnum; RoomTypeEnum: typeof RoomTypeEnum; ... 76 more ...; $Lazyload: { ...; }; }'.
src/components/chat/MsgInput.vue(146,50): error TS2339: Property 'item' does not exist on type '{ darkTheme: BuiltInGlobalTheme; lightTheme: BuiltInGlobalTheme; MacOsKeyEnum: typeof MacOsKeyEnum; RoomTypeEnum: typeof RoomTypeEnum; ... 76 more ...; $Lazyload: { ...; }; }'.
src/components/chat/MsgInput.vue(153,26): error TS2339: Property 'item' does not exist on type '{ darkTheme: BuiltInGlobalTheme; lightTheme: BuiltInGlobalTheme; MacOsKeyEnum: typeof MacOsKeyEnum; RoomTypeEnum: typeof RoomTypeEnum; ... 76 more ...; $Lazyload: { ...; }; }'.
src/components/chat/MsgInput.vue(153,41): error TS2339: Property 'item' does not exist on type '{ darkTheme: BuiltInGlobalTheme; lightTheme: BuiltInGlobalTheme; MacOsKeyEnum: typeof MacOsKeyEnum; RoomTypeEnum: typeof RoomTypeEnum; ... 76 more ...; $Lazyload: { ...; }; }'.
src/components/common/ChatList.vue(64,42): error TS2339: Property 'item' does not exist on type '{ vOnLongPress: ObjectDirective<HTMLElement, BindingValueFunction$9 | BindingValueArray$8, string, any>; ... 75 more ...; $Lazyload: { ...; }; }'.
src/components/common/ChatList.vue(65,41): error TS2339: Property 'item' does not exist on type '{ vOnLongPress: ObjectDirective<HTMLElement, BindingValueFunction$9 | BindingValueArray$8, string, any>; ... 75 more ...; $Lazyload: { ...; }; }'.
src/components/common/ChatList.vue(66,56): error TS2339: Property 'item' does not exist on type '{ vOnLongPress: ObjectDirective<HTMLElement, BindingValueFunction$9 | BindingValueArray$8, string, any>; ... 75 more ...; $Lazyload: { ...; }; }'.
src/components/common/ChatList.vue(67,29): error TS2339: Property 'item' does not exist on type '{ vOnLongPress: ObjectDirective<HTMLElement, BindingValueFunction$9 | BindingValueArray$8, string, any>; ... 75 more ...; $Lazyload: { ...; }; }'.
src/components/common/ChatList.vue(68,39): error TS2339: Property 'item' does not exist on type '{ vOnLongPress: ObjectDirective<HTMLElement, BindingValueFunction$9 | BindingValueArray$8, string, any>; ... 75 more ...; $Lazyload: { ...; }; }'.
src/components/common/ChatList.vue(69,45): error TS2339: Property 'item' does not exist on type '{ vOnLongPress: ObjectDirective<HTMLElement, BindingValueFunction$9 | BindingValueArray$8, string, any>; ... 75 more ...; $Lazyload: { ...; }; }'.
src/components/common/ChatList.vue(70,45): error TS2339: Property 'item' does not exist on type '{ vOnLongPress: ObjectDirective<HTMLElement, BindingValueFunction$9 | BindingValueArray$8, string, any>; ... 75 more ...; $Lazyload: { ...; }; }'.
src/components/common/ChatList.vue(71,44): error TS2339: Property 'item' does not exist on type '{ vOnLongPress: ObjectDirective<HTMLElement, BindingValueFunction$9 | BindingValueArray$8, string, any>; ... 75 more ...; $Lazyload: { ...; }; }'.
src/components/common/ChatList.vue(71,58): error TS2339: Property 'index' does not exist on type '{ vOnLongPress: ObjectDirective<HTMLElement, BindingValueFunction$9 | BindingValueArray$8, string, any>; ... 75 more ...; $Lazyload: { ...; }; }'.
src/components/common/ChatList.vue(72,45): error TS2339: Property 'item' does not exist on type '{ vOnLongPress: ObjectDirective<HTMLElement, BindingValueFunction$9 | BindingValueArray$8, string, any>; ... 75 more ...; $Lazyload: { ...; }; }'.
src/components/common/FloatBlockList.vue(14,24): error TS2339: Property 'index' does not exist on type '{ containerRef: HTMLElement | null; virtualListRef: { scroll?: ((options: { top?: number | undefined; left?: number | undefined; behavior?: ScrollBehavior | undefined; }) => void) | undefined; scrollTo?: ((options: { ...; }) => void) | undefined; listElRef: { ...; } | null; getOffset?: (() => number) | undefined; da...'.
src/components/common/FloatBlockList.vue(16,45): error TS2339: Property 'index' does not exist on type '{ containerRef: HTMLElement | null; virtualListRef: { scroll?: ((options: { top?: number | undefined; left?: number | undefined; behavior?: ScrollBehavior | undefined; }) => void) | undefined; scrollTo?: ((options: { ...; }) => void) | undefined; listElRef: { ...; } | null; getOffset?: (() => number) | undefined; da...'.
src/components/common/FloatBlockList.vue(17,36): error TS2339: Property 'item' does not exist on type '{ containerRef: HTMLElement | null; virtualListRef: { scroll?: ((options: { top?: number | undefined; left?: number | undefined; behavior?: ScrollBehavior | undefined; }) => void) | undefined; scrollTo?: ((options: { ...; }) => void) | undefined; listElRef: { ...; } | null; getOffset?: (() => number) | undefined; da...'.
src/components/common/FloatBlockList.vue(17,50): error TS2339: Property 'index' does not exist on type '{ containerRef: HTMLElement | null; virtualListRef: { scroll?: ((options: { top?: number | undefined; left?: number | undefined; behavior?: ScrollBehavior | undefined; }) => void) | undefined; scrollTo?: ((options: { ...; }) => void) | undefined; listElRef: { ...; } | null; getOffset?: (() => number) | undefined; da...'.
src/components/common/FloatBlockList.vue(19,53): error TS2339: Property 'item' does not exist on type '{ containerRef: HTMLElement | null; virtualListRef: { scroll?: ((options: { top?: number | undefined; left?: number | undefined; behavior?: ScrollBehavior | undefined; }) => void) | undefined; scrollTo?: ((options: { ...; }) => void) | undefined; listElRef: { ...; } | null; getOffset?: (() => number) | undefined; da...'.
src/components/friends/FriendsList.vue(116,21): error TS2339: Property 'friend' does not exist on type '{ NFlex: DefineComponent<ExtractPropTypes<{ readonly align: PropType<AlignItems>; readonly justify: { readonly type: PropType<JustifyContent>; readonly default: "start"; }; ... 7 more ...; readonly builtinThemeOverrides: PropType<...>; }>, ... 18 more ..., any>; ... 66 more ...; $Lazyload: { ...; }; }'.
src/components/friends/FriendsList.vue(118,39): error TS2339: Property 'friend' does not exist on type '{ NFlex: DefineComponent<ExtractPropTypes<{ readonly align: PropType<AlignItems>; readonly justify: { readonly type: PropType<JustifyContent>; readonly default: "start"; }; ... 7 more ...; readonly builtinThemeOverrides: PropType<...>; }>, ... 18 more ..., any>; ... 66 more ...; $Lazyload: { ...; }; }'.
src/components/friends/FriendsList.vue(119,41): error TS2339: Property 'friend' does not exist on type '{ NFlex: DefineComponent<ExtractPropTypes<{ readonly align: PropType<AlignItems>; readonly justify: { readonly type: PropType<JustifyContent>; readonly default: "start"; }; ... 7 more ...; readonly builtinThemeOverrides: PropType<...>; }>, ... 18 more ..., any>; ... 66 more ...; $Lazyload: { ...; }; }'.
src/components/friends/FriendsList.vue(125,68): error TS2339: Property 'friend' does not exist on type '{ NFlex: DefineComponent<ExtractPropTypes<{ readonly align: PropType<AlignItems>; readonly justify: { readonly type: PropType<JustifyContent>; readonly default: "start"; }; ... 7 more ...; readonly builtinThemeOverrides: PropType<...>; }>, ... 18 more ..., any>; ... 66 more ...; $Lazyload: { ...; }; }'.
src/components/friends/FriendsList.vue(129,57): error TS2339: Property 'friend' does not exist on type '{ NFlex: DefineComponent<ExtractPropTypes<{ readonly align: PropType<AlignItems>; readonly justify: { readonly type: PropType<JustifyContent>; readonly default: "start"; }; ... 7 more ...; readonly builtinThemeOverrides: PropType<...>; }>, ... 18 more ..., any>; ... 66 more ...; $Lazyload: { ...; }; }'.
src/components/friends/FriendsList.vue(129,80): error TS2339: Property 'friend' does not exist on type '{ NFlex: DefineComponent<ExtractPropTypes<{ readonly align: PropType<AlignItems>; readonly justify: { readonly type: PropType<JustifyContent>; readonly default: "start"; }; ... 7 more ...; readonly builtinThemeOverrides: PropType<...>; }>, ... 18 more ..., any>; ... 66 more ...; $Lazyload: { ...; }; }'.
src/components/friends/FriendsList.vue(131,90): error TS2339: Property 'friend' does not exist on type '{ NFlex: DefineComponent<ExtractPropTypes<{ readonly align: PropType<AlignItems>; readonly justify: { readonly type: PropType<JustifyContent>; readonly default: "start"; }; ... 7 more ...; readonly builtinThemeOverrides: PropType<...>; }>, ... 18 more ..., any>; ... 66 more ...; $Lazyload: { ...; }; }'.
src/components/friends/FriendsList.vue(134,56): error TS2339: Property 'friend' does not exist on type '{ NFlex: DefineComponent<ExtractPropTypes<{ readonly align: PropType<AlignItems>; readonly justify: { readonly type: PropType<JustifyContent>; readonly default: "start"; }; ... 7 more ...; readonly builtinThemeOverrides: PropType<...>; }>, ... 18 more ..., any>; ... 66 more ...; $Lazyload: { ...; }; }'.
src/components/friends/FriendsList.vue(134,107): error TS2339: Property 'friend' does not exist on type '{ NFlex: DefineComponent<ExtractPropTypes<{ readonly align: PropType<AlignItems>; readonly justify: { readonly type: PropType<JustifyContent>; readonly default: "start"; }; ... 7 more ...; readonly builtinThemeOverrides: PropType<...>; }>, ... 18 more ..., any>; ... 66 more ...; $Lazyload: { ...; }; }'.
src/components/matrix/MatrixChatMain.vue(17,19): error TS2551: Property 'message' does not exist on type '{ NButton: DefineComponent<ExtractPropTypes<{ readonly color: StringConstructor; readonly textColor: StringConstructor; readonly text: BooleanConstructor; ... 24 more ...; readonly builtinThemeOverrides: PropType<...>; }>, ... 18 more ..., any>; ... 83 more ...; $Lazyload: { ...; }; }'. Did you mean 'messages'?
src/components/matrix/MatrixChatMain.vue(21,33): error TS2551: Property 'message' does not exist on type '{ NButton: DefineComponent<ExtractPropTypes<{ readonly color: StringConstructor; readonly textColor: StringConstructor; readonly text: BooleanConstructor; ... 24 more ...; readonly builtinThemeOverrides: PropType<...>; }>, ... 18 more ..., any>; ... 83 more ...; $Lazyload: { ...; }; }'. Did you mean 'messages'?
src/components/matrix/MatrixChatMain.vue(22,27): error TS2551: Property 'message' does not exist on type '{ NButton: DefineComponent<ExtractPropTypes<{ readonly color: StringConstructor; readonly textColor: StringConstructor; readonly text: BooleanConstructor; ... 24 more ...; readonly builtinThemeOverrides: PropType<...>; }>, ... 18 more ..., any>; ... 83 more ...; $Lazyload: { ...; }; }'. Did you mean 'messages'?
src/components/matrix/MatrixChatMain.vue(23,21): error TS2551: Property 'message' does not exist on type '{ NButton: DefineComponent<ExtractPropTypes<{ readonly color: StringConstructor; readonly textColor: StringConstructor; readonly text: BooleanConstructor; ... 24 more ...; readonly builtinThemeOverrides: PropType<...>; }>, ... 18 more ..., any>; ... 83 more ...; $Lazyload: { ...; }; }'. Did you mean 'messages'?
src/components/matrix/MatrixChatMain.vue(26,48): error TS2551: Property 'message' does not exist on type '{ NButton: DefineComponent<ExtractPropTypes<{ readonly color: StringConstructor; readonly textColor: StringConstructor; readonly text: BooleanConstructor; ... 24 more ...; readonly builtinThemeOverrides: PropType<...>; }>, ... 18 more ..., any>; ... 83 more ...; $Lazyload: { ...; }; }'. Did you mean 'messages'?
src/components/matrix/MatrixChatMain.vue(27,44): error TS2551: Property 'message' does not exist on type '{ NButton: DefineComponent<ExtractPropTypes<{ readonly color: StringConstructor; readonly textColor: StringConstructor; readonly text: BooleanConstructor; ... 24 more ...; readonly builtinThemeOverrides: PropType<...>; }>, ... 18 more ..., any>; ... 83 more ...; $Lazyload: { ...; }; }'. Did you mean 'messages'?
src/components/matrix/MatrixChatMain.vue(28,52): error TS2551: Property 'message' does not exist on type '{ NButton: DefineComponent<ExtractPropTypes<{ readonly color: StringConstructor; readonly textColor: StringConstructor; readonly text: BooleanConstructor; ... 24 more ...; readonly builtinThemeOverrides: PropType<...>; }>, ... 18 more ..., any>; ... 83 more ...; $Lazyload: { ...; }; }'. Did you mean 'messages'?
src/components/matrix/MatrixChatMain.vue(30,55): error TS2551: Property 'message' does not exist on type '{ NButton: DefineComponent<ExtractPropTypes<{ readonly color: StringConstructor; readonly textColor: StringConstructor; readonly text: BooleanConstructor; ... 24 more ...; readonly builtinThemeOverrides: PropType<...>; }>, ... 18 more ..., any>; ... 83 more ...; $Lazyload: { ...; }; }'. Did you mean 'messages'?
src/components/matrix/sidebar/MatrixChatSidebar.vue(38,29): error TS2339: Property 'item' does not exist on type '{ NTabs: DefineComponent<ExtractPropTypes<{ readonly value: PropType<string | number>; readonly defaultValue: PropType<string | number>; readonly trigger: { readonly type: PropType<"click" | "hover">; readonly default: "click"; }; ... 27 more ...; readonly builtinThemeOverrides: PropType<...>; }>, ... 18 more ..., a...'.
src/components/matrix/sidebar/MatrixChatSidebar.vue(40,26): error TS2339: Property 'item' does not exist on type '{ NTabs: DefineComponent<ExtractPropTypes<{ readonly value: PropType<string | number>; readonly defaultValue: PropType<string | number>; readonly trigger: { readonly type: PropType<"click" | "hover">; readonly default: "click"; }; ... 27 more ...; readonly builtinThemeOverrides: PropType<...>; }>, ... 18 more ..., a...'.
src/components/matrix/sidebar/MatrixChatSidebar.vue(42,31): error TS2339: Property 'item' does not exist on type '{ NTabs: DefineComponent<ExtractPropTypes<{ readonly value: PropType<string | number>; readonly defaultValue: PropType<string | number>; readonly trigger: { readonly type: PropType<"click" | "hover">; readonly default: "click"; }; ... 27 more ...; readonly builtinThemeOverrides: PropType<...>; }>, ... 18 more ..., a...'.
src/components/matrix/sidebar/MatrixChatSidebar.vue(43,27): error TS2339: Property 'item' does not exist on type '{ NTabs: DefineComponent<ExtractPropTypes<{ readonly value: PropType<string | number>; readonly defaultValue: PropType<string | number>; readonly trigger: { readonly type: PropType<"click" | "hover">; readonly default: "click"; }; ... 27 more ...; readonly builtinThemeOverrides: PropType<...>; }>, ... 18 more ..., a...'.
src/components/matrix/sidebar/MatrixChatSidebar.vue(44,26): error TS2339: Property 'item' does not exist on type '{ NTabs: DefineComponent<ExtractPropTypes<{ readonly value: PropType<string | number>; readonly defaultValue: PropType<string | number>; readonly trigger: { readonly type: PropType<"click" | "hover">; readonly default: "click"; }; ... 27 more ...; readonly builtinThemeOverrides: PropType<...>; }>, ... 18 more ..., a...'.
src/components/matrix/sidebar/MatrixChatSidebar.vue(49,28): error TS2339: Property 'item' does not exist on type '{ NTabs: DefineComponent<ExtractPropTypes<{ readonly value: PropType<string | number>; readonly defaultValue: PropType<string | number>; readonly trigger: { readonly type: PropType<"click" | "hover">; readonly default: "click"; }; ... 27 more ...; readonly builtinThemeOverrides: PropType<...>; }>, ... 18 more ..., a...'.
src/components/matrix/sidebar/MatrixChatSidebar.vue(49,54): error TS2339: Property 'item' does not exist on type '{ NTabs: DefineComponent<ExtractPropTypes<{ readonly value: PropType<string | number>; readonly defaultValue: PropType<string | number>; readonly trigger: { readonly type: PropType<"click" | "hover">; readonly default: "click"; }; ... 27 more ...; readonly builtinThemeOverrides: PropType<...>; }>, ... 18 more ..., a...'.
src/components/matrix/sidebar/MatrixChatSidebar.vue(51,35): error TS2339: Property 'item' does not exist on type '{ NTabs: DefineComponent<ExtractPropTypes<{ readonly value: PropType<string | number>; readonly defaultValue: PropType<string | number>; readonly trigger: { readonly type: PropType<"click" | "hover">; readonly default: "click"; }; ... 27 more ...; readonly builtinThemeOverrides: PropType<...>; }>, ... 18 more ..., a...'.
src/components/matrix/sidebar/MatrixChatSidebar.vue(51,77): error TS2339: Property 'item' does not exist on type '{ NTabs: DefineComponent<ExtractPropTypes<{ readonly value: PropType<string | number>; readonly defaultValue: PropType<string | number>; readonly trigger: { readonly type: PropType<"click" | "hover">; readonly default: "click"; }; ... 27 more ...; readonly builtinThemeOverrides: PropType<...>; }>, ... 18 more ..., a...'.
src/components/matrix/sidebar/MatrixChatSidebar.vue(52,43): error TS2339: Property 'item' does not exist on type '{ NTabs: DefineComponent<ExtractPropTypes<{ readonly value: PropType<string | number>; readonly defaultValue: PropType<string | number>; readonly trigger: { readonly type: PropType<"click" | "hover">; readonly default: "click"; }; ... 27 more ...; readonly builtinThemeOverrides: PropType<...>; }>, ... 18 more ..., a...'.
src/components/matrix/sidebar/MatrixChatSidebar.vue(54,25): error TS2339: Property 'item' does not exist on type '{ NTabs: DefineComponent<ExtractPropTypes<{ readonly value: PropType<string | number>; readonly defaultValue: PropType<string | number>; readonly trigger: { readonly type: PropType<"click" | "hover">; readonly default: "click"; }; ... 27 more ...; readonly builtinThemeOverrides: PropType<...>; }>, ... 18 more ..., a...'.
src/components/matrix/sidebar/MatrixChatSidebar.vue(58,40): error TS2339: Property 'item' does not exist on type '{ NTabs: DefineComponent<ExtractPropTypes<{ readonly value: PropType<string | number>; readonly defaultValue: PropType<string | number>; readonly trigger: { readonly type: PropType<"click" | "hover">; readonly default: "click"; }; ... 27 more ...; readonly builtinThemeOverrides: PropType<...>; }>, ... 18 more ..., a...'.
src/components/matrix/sidebar/MatrixChatSidebar.vue(61,48): error TS2339: Property 'item' does not exist on type '{ NTabs: DefineComponent<ExtractPropTypes<{ readonly value: PropType<string | number>; readonly defaultValue: PropType<string | number>; readonly trigger: { readonly type: PropType<"click" | "hover">; readonly default: "click"; }; ... 27 more ...; readonly builtinThemeOverrides: PropType<...>; }>, ... 18 more ..., a...'.
src/components/matrix/sidebar/MatrixChatSidebar.vue(61,73): error TS2339: Property 'item' does not exist on type '{ NTabs: DefineComponent<ExtractPropTypes<{ readonly value: PropType<string | number>; readonly defaultValue: PropType<string | number>; readonly trigger: { readonly type: PropType<"click" | "hover">; readonly default: "click"; }; ... 27 more ...; readonly builtinThemeOverrides: PropType<...>; }>, ... 18 more ..., a...'.
src/components/matrix/sidebar/MatrixChatSidebar.vue(62,50): error TS2339: Property 'item' does not exist on type '{ NTabs: DefineComponent<ExtractPropTypes<{ readonly value: PropType<string | number>; readonly defaultValue: PropType<string | number>; readonly trigger: { readonly type: PropType<"click" | "hover">; readonly default: "click"; }; ... 27 more ...; readonly builtinThemeOverrides: PropType<...>; }>, ... 18 more ..., a...'.
src/components/matrix/sidebar/MatrixChatSidebar.vue(66,52): error TS2339: Property 'item' does not exist on type '{ NTabs: DefineComponent<ExtractPropTypes<{ readonly value: PropType<string | number>; readonly defaultValue: PropType<string | number>; readonly trigger: { readonly type: PropType<"click" | "hover">; readonly default: "click"; }; ... 27 more ...; readonly builtinThemeOverrides: PropType<...>; }>, ... 18 more ..., a...'.
src/components/matrix/sidebar/MatrixChatSidebar.vue(68,71): error TS2339: Property 'item' does not exist on type '{ NTabs: DefineComponent<ExtractPropTypes<{ readonly value: PropType<string | number>; readonly defaultValue: PropType<string | number>; readonly trigger: { readonly type: PropType<"click" | "hover">; readonly default: "click"; }; ... 27 more ...; readonly builtinThemeOverrides: PropType<...>; }>, ... 18 more ..., a...'.
src/components/spaces/SpaceAnalytics.vue(68,55): error TS2339: Property 'percentage' does not exist on type '{ NCard: DefineComponent<ExtractPropTypes<{ title: PropType<string | (() => VNodeChild)>; contentClass: StringConstructor; contentStyle: PropType<string | CSSProperties>; ... 23 more ...; builtinThemeOverrides: PropType<...>; }>, ... 18 more ..., any>; ... 49 more ...; $Lazyload: { ...; }; }'.
src/mobile/components/e2ee/MobileDeviceList.vue(426,9): error TS2353: Object literal may only specify known properties, and 'message' does not exist in type 'DialogAdapterOptions'.
src/mobile/components/e2ee/MobileDeviceList.vue(436,9): error TS2353: Object literal may only specify known properties, and 'message' does not exist in type 'DialogAdapterOptions'.
src/mobile/components/e2ee/MobileDeviceList.vue(448,9): error TS2353: Object literal may only specify known properties, and 'message' does not exist in type 'DialogAdapterOptions'.
src/mobile/components/profile/MobileApplyList.vue(28,70): error TS2339: Property 'item' does not exist on type '{ RequestNoticeAgreeStatus: typeof RequestNoticeAgreeStatus; currentUserId: string; loadingMap: Record<string, boolean>; virtualListRef: any; isAccepted: (item: MinimalNotice) => boolean; ... 39 more ...; $Lazyload: { ...; }; }'.
src/mobile/components/profile/MobileApplyList.vue(31,42): error TS2339: Property 'item' does not exist on type '{ RequestNoticeAgreeStatus: typeof RequestNoticeAgreeStatus; currentUserId: string; loadingMap: Record<string, boolean>; virtualListRef: any; isAccepted: (item: MinimalNotice) => boolean; ... 39 more ...; $Lazyload: { ...; }; }'.
src/mobile/components/profile/MobileApplyList.vue(32,30): error TS2339: Property 'item' does not exist on type '{ RequestNoticeAgreeStatus: typeof RequestNoticeAgreeStatus; currentUserId: string; loadingMap: Record<string, boolean>; virtualListRef: any; isAccepted: (item: MinimalNotice) => boolean; ... 39 more ...; $Lazyload: { ...; }; }'.
src/mobile/components/profile/MobileApplyList.vue(36,29): error TS2339: Property 'item' does not exist on type '{ RequestNoticeAgreeStatus: typeof RequestNoticeAgreeStatus; currentUserId: string; loadingMap: Record<string, boolean>; virtualListRef: any; isAccepted: (item: MinimalNotice) => boolean; ... 39 more ...; $Lazyload: { ...; }; }'.
src/mobile/components/profile/MobileApplyList.vue(39,51): error TS2339: Property 'item' does not exist on type '{ RequestNoticeAgreeStatus: typeof RequestNoticeAgreeStatus; currentUserId: string; loadingMap: Record<string, boolean>; virtualListRef: any; isAccepted: (item: MinimalNotice) => boolean; ... 39 more ...; $Lazyload: { ...; }; }'.
src/mobile/components/profile/MobileApplyList.vue(42,20): error TS2339: Property 'item' does not exist on type '{ RequestNoticeAgreeStatus: typeof RequestNoticeAgreeStatus; currentUserId: string; loadingMap: Record<string, boolean>; virtualListRef: any; isAccepted: (item: MinimalNotice) => boolean; ... 39 more ...; $Lazyload: { ...; }; }'.
src/mobile/components/profile/MobileApplyList.vue(47,46): error TS2339: Property 'item' does not exist on type '{ RequestNoticeAgreeStatus: typeof RequestNoticeAgreeStatus; currentUserId: string; loadingMap: Record<string, boolean>; virtualListRef: any; isAccepted: (item: MinimalNotice) => boolean; ... 39 more ...; $Lazyload: { ...; }; }'.
src/mobile/components/profile/MobileApplyList.vue(52,21): error TS2339: Property 'item' does not exist on type '{ RequestNoticeAgreeStatus: typeof RequestNoticeAgreeStatus; currentUserId: string; loadingMap: Record<string, boolean>; virtualListRef: any; isAccepted: (item: MinimalNotice) => boolean; ... 39 more ...; $Lazyload: { ...; }; }'.
src/mobile/components/profile/MobileApplyList.vue(52,90): error TS2339: Property 'item' does not exist on type '{ RequestNoticeAgreeStatus: typeof RequestNoticeAgreeStatus; currentUserId: string; loadingMap: Record<string, boolean>; virtualListRef: any; isAccepted: (item: MinimalNotice) => boolean; ... 39 more ...; $Lazyload: { ...; }; }'.
src/mobile/components/profile/MobileApplyList.vue(53,69): error TS2339: Property 'item' does not exist on type '{ RequestNoticeAgreeStatus: typeof RequestNoticeAgreeStatus; currentUserId: string; loadingMap: Record<string, boolean>; virtualListRef: any; isAccepted: (item: MinimalNotice) => boolean; ... 39 more ...; $Lazyload: { ...; }; }'.
src/mobile/components/profile/MobileApplyList.vue(53,104): error TS2339: Property 'item' does not exist on type '{ RequestNoticeAgreeStatus: typeof RequestNoticeAgreeStatus; currentUserId: string; loadingMap: Record<string, boolean>; virtualListRef: any; isAccepted: (item: MinimalNotice) => boolean; ... 39 more ...; $Lazyload: { ...; }; }'.
src/mobile/components/profile/MobileApplyList.vue(60,65): error TS2339: Property 'item' does not exist on type '{ RequestNoticeAgreeStatus: typeof RequestNoticeAgreeStatus; currentUserId: string; loadingMap: Record<string, boolean>; virtualListRef: any; isAccepted: (item: MinimalNotice) => boolean; ... 39 more ...; $Lazyload: { ...; }; }'.
src/mobile/components/profile/MobileApplyList.vue(61,21): error TS2339: Property 'item' does not exist on type '{ RequestNoticeAgreeStatus: typeof RequestNoticeAgreeStatus; currentUserId: string; loadingMap: Record<string, boolean>; virtualListRef: any; isAccepted: (item: MinimalNotice) => boolean; ... 39 more ...; $Lazyload: { ...; }; }'.
src/mobile/components/profile/MobileApplyList.vue(61,90): error TS2339: Property 'item' does not exist on type '{ RequestNoticeAgreeStatus: typeof RequestNoticeAgreeStatus; currentUserId: string; loadingMap: Record<string, boolean>; virtualListRef: any; isAccepted: (item: MinimalNotice) => boolean; ... 39 more ...; $Lazyload: { ...; }; }'.
src/mobile/components/profile/MobileApplyList.vue(68,70): error TS2339: Property 'item' does not exist on type '{ RequestNoticeAgreeStatus: typeof RequestNoticeAgreeStatus; currentUserId: string; loadingMap: Record<string, boolean>; virtualListRef: any; isAccepted: (item: MinimalNotice) => boolean; ... 39 more ...; $Lazyload: { ...; }; }'.
src/mobile/components/profile/MobileApplyList.vue(71,68): error TS2339: Property 'item' does not exist on type '{ RequestNoticeAgreeStatus: typeof RequestNoticeAgreeStatus; currentUserId: string; loadingMap: Record<string, boolean>; virtualListRef: any; isAccepted: (item: MinimalNotice) => boolean; ... 39 more ...; $Lazyload: { ...; }; }'.
src/mobile/components/profile/MobileApplyList.vue(74,71): error TS2339: Property 'item' does not exist on type '{ RequestNoticeAgreeStatus: typeof RequestNoticeAgreeStatus; currentUserId: string; loadingMap: Record<string, boolean>; virtualListRef: any; isAccepted: (item: MinimalNotice) => boolean; ... 39 more ...; $Lazyload: { ...; }; }'.
src/mobile/components/profile/MobileApplyList.vue(77,58): error TS2339: Property 'item' does not exist on type '{ RequestNoticeAgreeStatus: typeof RequestNoticeAgreeStatus; currentUserId: string; loadingMap: Record<string, boolean>; virtualListRef: any; isAccepted: (item: MinimalNotice) => boolean; ... 39 more ...; $Lazyload: { ...; }; }'.
src/mobile/components/profile/MobileApplyList.vue(78,40): error TS2339: Property 'item' does not exist on type '{ RequestNoticeAgreeStatus: typeof RequestNoticeAgreeStatus; currentUserId: string; loadingMap: Record<string, boolean>; virtualListRef: any; isAccepted: (item: MinimalNotice) => boolean; ... 39 more ...; $Lazyload: { ...; }; }'.
src/mobile/components/profile/MobileApplyList.vue(80,28): error TS2339: Property 'item' does not exist on type '{ RequestNoticeAgreeStatus: typeof RequestNoticeAgreeStatus; currentUserId: string; loadingMap: Record<string, boolean>; virtualListRef: any; isAccepted: (item: MinimalNotice) => boolean; ... 39 more ...; $Lazyload: { ...; }; }'.
src/mobile/components/profile/MobileApplyList.vue(82,21): error TS2339: Property 'item' does not exist on type '{ RequestNoticeAgreeStatus: typeof RequestNoticeAgreeStatus; currentUserId: string; loadingMap: Record<string, boolean>; virtualListRef: any; isAccepted: (item: MinimalNotice) => boolean; ... 39 more ...; $Lazyload: { ...; }; }'.
src/mobile/components/spaces/MobileSpaceList.vue(158,69): error TS2339: Property 'index' does not exist on type '{ NButton: DefineComponent<ExtractPropTypes<{ readonly color: StringConstructor; readonly textColor: StringConstructor; readonly text: BooleanConstructor; ... 24 more ...; readonly builtinThemeOverrides: PropType<...>; }>, ... 18 more ..., any>; ... 92 more ...; $Lazyload: { ...; }; }'.
src/mobile/components/spaces/MobileSpaceList.vue(158,109): error TS2551: Property 'space' does not exist on type '{ NButton: DefineComponent<ExtractPropTypes<{ readonly color: StringConstructor; readonly textColor: StringConstructor; readonly text: BooleanConstructor; ... 24 more ...; readonly builtinThemeOverrides: PropType<...>; }>, ... 18 more ..., any>; ... 92 more ...; $Lazyload: { ...; }; }'. Did you mean 'NSpace'?
src/mobile/components/spaces/MobileSpaceList.vue(161,33): error TS2551: Property 'space' does not exist on type '{ NButton: DefineComponent<ExtractPropTypes<{ readonly color: StringConstructor; readonly textColor: StringConstructor; readonly text: BooleanConstructor; ... 24 more ...; readonly builtinThemeOverrides: PropType<...>; }>, ... 18 more ..., any>; ... 92 more ...; $Lazyload: { ...; }; }'. Did you mean 'NSpace'?
src/mobile/components/spaces/MobileSpaceList.vue(164,38): error TS2551: Property 'space' does not exist on type '{ NButton: DefineComponent<ExtractPropTypes<{ readonly color: StringConstructor; readonly textColor: StringConstructor; readonly text: BooleanConstructor; ... 24 more ...; readonly builtinThemeOverrides: PropType<...>; }>, ... 18 more ..., any>; ... 92 more ...; $Lazyload: { ...; }; }'. Did you mean 'NSpace'?
src/mobile/components/spaces/MobileSpaceList.vue(165,36): error TS2551: Property 'space' does not exist on type '{ NButton: DefineComponent<ExtractPropTypes<{ readonly color: StringConstructor; readonly textColor: StringConstructor; readonly text: BooleanConstructor; ... 24 more ...; readonly builtinThemeOverrides: PropType<...>; }>, ... 18 more ..., any>; ... 92 more ...; $Lazyload: { ...; }; }'. Did you mean 'NSpace'?
src/mobile/components/spaces/MobileSpaceList.vue(166,48): error TS2551: Property 'space' does not exist on type '{ NButton: DefineComponent<ExtractPropTypes<{ readonly color: StringConstructor; readonly textColor: StringConstructor; readonly text: BooleanConstructor; ... 24 more ...; readonly builtinThemeOverrides: PropType<...>; }>, ... 18 more ..., any>; ... 92 more ...; $Lazyload: { ...; }; }'. Did you mean 'NSpace'?
src/mobile/components/spaces/MobileSpaceList.vue(168,36): error TS2551: Property 'space' does not exist on type '{ NButton: DefineComponent<ExtractPropTypes<{ readonly color: StringConstructor; readonly textColor: StringConstructor; readonly text: BooleanConstructor; ... 24 more ...; readonly builtinThemeOverrides: PropType<...>; }>, ... 18 more ..., any>; ... 92 more ...; $Lazyload: { ...; }; }'. Did you mean 'NSpace'?
src/mobile/components/spaces/MobileSpaceList.vue(175,53): error TS2551: Property 'space' does not exist on type '{ NButton: DefineComponent<ExtractPropTypes<{ readonly color: StringConstructor; readonly textColor: StringConstructor; readonly text: BooleanConstructor; ... 24 more ...; readonly builtinThemeOverrides: PropType<...>; }>, ... 18 more ..., any>; ... 92 more ...; $Lazyload: { ...; }; }'. Did you mean 'NSpace'?
src/mobile/components/spaces/MobileSpaceList.vue(177,42): error TS2551: Property 'space' does not exist on type '{ NButton: DefineComponent<ExtractPropTypes<{ readonly color: StringConstructor; readonly textColor: StringConstructor; readonly text: BooleanConstructor; ... 24 more ...; readonly builtinThemeOverrides: PropType<...>; }>, ... 18 more ..., any>; ... 92 more ...; $Lazyload: { ...; }; }'. Did you mean 'NSpace'?
src/mobile/components/spaces/MobileSpaceList.vue(178,42): error TS2551: Property 'space' does not exist on type '{ NButton: DefineComponent<ExtractPropTypes<{ readonly color: StringConstructor; readonly textColor: StringConstructor; readonly text: BooleanConstructor; ... 24 more ...; readonly builtinThemeOverrides: PropType<...>; }>, ... 18 more ..., any>; ... 92 more ...; $Lazyload: { ...; }; }'. Did you mean 'NSpace'?
src/mobile/components/spaces/MobileSpaceList.vue(187,34): error TS2551: Property 'space' does not exist on type '{ NButton: DefineComponent<ExtractPropTypes<{ readonly color: StringConstructor; readonly textColor: StringConstructor; readonly text: BooleanConstructor; ... 24 more ...; readonly builtinThemeOverrides: PropType<...>; }>, ... 18 more ..., any>; ... 92 more ...; $Lazyload: { ...; }; }'. Did you mean 'NSpace'?
src/mobile/components/spaces/MobileSpaceList.vue(188,30): error TS2551: Property 'space' does not exist on type '{ NButton: DefineComponent<ExtractPropTypes<{ readonly color: StringConstructor; readonly textColor: StringConstructor; readonly text: BooleanConstructor; ... 24 more ...; readonly builtinThemeOverrides: PropType<...>; }>, ... 18 more ..., any>; ... 92 more ...; $Lazyload: { ...; }; }'. Did you mean 'NSpace'?
src/mobile/components/spaces/MobileSpaceList.vue(194,32): error TS2551: Property 'space' does not exist on type '{ NButton: DefineComponent<ExtractPropTypes<{ readonly color: StringConstructor; readonly textColor: StringConstructor; readonly text: BooleanConstructor; ... 24 more ...; readonly builtinThemeOverrides: PropType<...>; }>, ... 18 more ..., any>; ... 92 more ...; $Lazyload: { ...; }; }'. Did you mean 'NSpace'?
src/mobile/components/spaces/MobileSpaceList.vue(196,39): error TS2551: Property 'space' does not exist on type '{ NButton: DefineComponent<ExtractPropTypes<{ readonly color: StringConstructor; readonly textColor: StringConstructor; readonly text: BooleanConstructor; ... 24 more ...; readonly builtinThemeOverrides: PropType<...>; }>, ... 18 more ..., any>; ... 92 more ...; $Lazyload: { ...; }; }'. Did you mean 'NSpace'?
src/mobile/components/spaces/MobileSpaceList.vue(198,32): error TS2551: Property 'space' does not exist on type '{ NButton: DefineComponent<ExtractPropTypes<{ readonly color: StringConstructor; readonly textColor: StringConstructor; readonly text: BooleanConstructor; ... 24 more ...; readonly builtinThemeOverrides: PropType<...>; }>, ... 18 more ..., any>; ... 92 more ...; $Lazyload: { ...; }; }'. Did you mean 'NSpace'?
src/mobile/components/spaces/MobileSpaceList.vue(200,39): error TS2551: Property 'space' does not exist on type '{ NButton: DefineComponent<ExtractPropTypes<{ readonly color: StringConstructor; readonly textColor: StringConstructor; readonly text: BooleanConstructor; ... 24 more ...; readonly builtinThemeOverrides: PropType<...>; }>, ... 18 more ..., any>; ... 92 more ...; $Lazyload: { ...; }; }'. Did you mean 'NSpace'?
src/mobile/components/spaces/MobileSpaceList.vue(201,51): error TS2551: Property 'space' does not exist on type '{ NButton: DefineComponent<ExtractPropTypes<{ readonly color: StringConstructor; readonly textColor: StringConstructor; readonly text: BooleanConstructor; ... 24 more ...; readonly builtinThemeOverrides: PropType<...>; }>, ... 18 more ..., any>; ... 92 more ...; $Lazyload: { ...; }; }'. Did you mean 'NSpace'?
src/mobile/components/spaces/MobileSpaceList.vue(206,36): error TS2551: Property 'space' does not exist on type '{ NButton: DefineComponent<ExtractPropTypes<{ readonly color: StringConstructor; readonly textColor: StringConstructor; readonly text: BooleanConstructor; ... 24 more ...; readonly builtinThemeOverrides: PropType<...>; }>, ... 18 more ..., any>; ... 92 more ...; $Lazyload: { ...; }; }'. Did you mean 'NSpace'?
src/mobile/components/spaces/MobileSpaceList.vue(206,59): error TS2551: Property 'space' does not exist on type '{ NButton: DefineComponent<ExtractPropTypes<{ readonly color: StringConstructor; readonly textColor: StringConstructor; readonly text: BooleanConstructor; ... 24 more ...; readonly builtinThemeOverrides: PropType<...>; }>, ... 18 more ..., any>; ... 92 more ...; $Lazyload: { ...; }; }'. Did you mean 'NSpace'?
src/mobile/components/spaces/MobileSpaceList.vue(207,53): error TS2551: Property 'space' does not exist on type '{ NButton: DefineComponent<ExtractPropTypes<{ readonly color: StringConstructor; readonly textColor: StringConstructor; readonly text: BooleanConstructor; ... 24 more ...; readonly builtinThemeOverrides: PropType<...>; }>, ... 18 more ..., any>; ... 92 more ...; $Lazyload: { ...; }; }'. Did you mean 'NSpace'?
src/mobile/components/spaces/MobileSpaceList.vue(216,39): error TS2551: Property 'space' does not exist on type '{ NButton: DefineComponent<ExtractPropTypes<{ readonly color: StringConstructor; readonly textColor: StringConstructor; readonly text: BooleanConstructor; ... 24 more ...; readonly builtinThemeOverrides: PropType<...>; }>, ... 18 more ..., any>; ... 92 more ...; $Lazyload: { ...; }; }'. Did you mean 'NSpace'?
src/mobile/components/spaces/MobileSpaceList.vue(216,87): error TS2551: Property 'space' does not exist on type '{ NButton: DefineComponent<ExtractPropTypes<{ readonly color: StringConstructor; readonly textColor: StringConstructor; readonly text: BooleanConstructor; ... 24 more ...; readonly builtinThemeOverrides: PropType<...>; }>, ... 18 more ..., any>; ... 92 more ...; $Lazyload: { ...; }; }'. Did you mean 'NSpace'?
src/mobile/components/spaces/MobileSpaceList.vue(224,54): error TS2551: Property 'space' does not exist on type '{ NButton: DefineComponent<ExtractPropTypes<{ readonly color: StringConstructor; readonly textColor: StringConstructor; readonly text: BooleanConstructor; ... 24 more ...; readonly builtinThemeOverrides: PropType<...>; }>, ... 18 more ..., any>; ... 92 more ...; $Lazyload: { ...; }; }'. Did you mean 'NSpace'?
src/mobile/components/spaces/MobileSpaceList.vue(225,63): error TS2551: Property 'space' does not exist on type '{ NButton: DefineComponent<ExtractPropTypes<{ readonly color: StringConstructor; readonly textColor: StringConstructor; readonly text: BooleanConstructor; ... 24 more ...; readonly builtinThemeOverrides: PropType<...>; }>, ... 18 more ..., any>; ... 92 more ...; $Lazyload: { ...; }; }'. Did you mean 'NSpace'?
src/mobile/views/chat/GroupChatMember.vue(31,45): error TS2339: Property 'item' does not exist on type '{ AvatarUtils: typeof AvatarUtils; measure: null; virtualScrollerHeight: number; formData: { keyword: string; }; filteredList: { activeStatus: OnlineEnum; avatar: string; ... 10 more ...; badge?: { ...; } | undefined; }[]; ... 28 more ...; $Lazyload: { ...; }; }'.
src/mobile/views/chat/GroupChatMember.vue(31,62): error TS2339: Property 'item' does not exist on type '{ AvatarUtils: typeof AvatarUtils; measure: null; virtualScrollerHeight: number; formData: { keyword: string; }; filteredList: { activeStatus: OnlineEnum; avatar: string; ... 10 more ...; badge?: { ...; } | undefined; }[]; ... 28 more ...; $Lazyload: { ...; }; }'.
src/mobile/views/chat/GroupChatMember.vue(35,56): error TS2339: Property 'item' does not exist on type '{ AvatarUtils: typeof AvatarUtils; measure: null; virtualScrollerHeight: number; formData: { keyword: string; }; filteredList: { activeStatus: OnlineEnum; avatar: string; ... 10 more ...; badge?: { ...; } | undefined; }[]; ... 28 more ...; $Lazyload: { ...; }; }'.
src/mobile/views/chat/GroupChatMember.vue(39,28): error TS2339: Property 'item' does not exist on type '{ AvatarUtils: typeof AvatarUtils; measure: null; virtualScrollerHeight: number; formData: { keyword: string; }; filteredList: { activeStatus: OnlineEnum; avatar: string; ... 10 more ...; badge?: { ...; } | undefined; }[]; ... 28 more ...; $Lazyload: { ...; }; }'.
src/mobile/views/media/MediaCache.vue(40,52): error TS2339: Property 'percentage' does not exist on type '{ NButton: DefineComponent<ExtractPropTypes<{ readonly color: StringConstructor; readonly textColor: StringConstructor; readonly text: BooleanConstructor; ... 24 more ...; readonly builtinThemeOverrides: PropType<...>; }>, ... 18 more ..., any>; ... 70 more ...; $Lazyload: { ...; }; }'.
src/views/chatHistory/index.vue(55,31): error TS2339: Property 'item' does not exist on type '{ formatDateGroupLabel: (timestamp: number) => string; NVirtualList: DefineComponent<ExtractPropTypes<{ readonly scrollbarProps: PropType<ScrollbarProps>; readonly items: { readonly type: PropType<ItemData[]>; readonly default: () => never[]; }; ... 13 more ...; readonly paddingBottom: { ...; }; }>, ... 18 more ...,...'.
src/views/chatHistory/index.vue(57,43): error TS2339: Property 'item' does not exist on type '{ formatDateGroupLabel: (timestamp: number) => string; NVirtualList: DefineComponent<ExtractPropTypes<{ readonly scrollbarProps: PropType<ScrollbarProps>; readonly items: { readonly type: PropType<ItemData[]>; readonly default: () => never[]; }; ... 13 more ...; readonly paddingBottom: { ...; }; }>, ... 18 more ...,...'.
src/views/chatHistory/index.vue(65,42): error TS2339: Property 'item' does not exist on type '{ formatDateGroupLabel: (timestamp: number) => string; NVirtualList: DefineComponent<ExtractPropTypes<{ readonly scrollbarProps: PropType<ScrollbarProps>; readonly items: { readonly type: PropType<ItemData[]>; readonly default: () => never[]; }; ... 13 more ...; readonly paddingBottom: { ...; }; }>, ... 18 more ...,...'.
src/views/chatHistory/index.vue(70,47): error TS2339: Property 'item' does not exist on type '{ formatDateGroupLabel: (timestamp: number) => string; NVirtualList: DefineComponent<ExtractPropTypes<{ readonly scrollbarProps: PropType<ScrollbarProps>; readonly items: { readonly type: PropType<ItemData[]>; readonly default: () => never[]; }; ... 13 more ...; readonly paddingBottom: { ...; }; }>, ... 18 more ...,...'.
src/views/chatHistory/index.vue(73,39): error TS2339: Property 'item' does not exist on type '{ formatDateGroupLabel: (timestamp: number) => string; NVirtualList: DefineComponent<ExtractPropTypes<{ readonly scrollbarProps: PropType<ScrollbarProps>; readonly items: { readonly type: PropType<ItemData[]>; readonly default: () => never[]; }; ... 13 more ...; readonly paddingBottom: { ...; }; }>, ... 18 more ...,...'.
src/views/chatHistory/index.vue(78,31): error TS2339: Property 'item' does not exist on type '{ formatDateGroupLabel: (timestamp: number) => string; NVirtualList: DefineComponent<ExtractPropTypes<{ readonly scrollbarProps: PropType<ScrollbarProps>; readonly items: { readonly type: PropType<ItemData[]>; readonly default: () => never[]; }; ... 13 more ...; readonly paddingBottom: { ...; }; }>, ... 18 more ...,...'.
src/views/chatHistory/index.vue(81,23): error TS2339: Property 'item' does not exist on type '{ formatDateGroupLabel: (timestamp: number) => string; NVirtualList: DefineComponent<ExtractPropTypes<{ readonly scrollbarProps: PropType<ScrollbarProps>; readonly items: { readonly type: PropType<ItemData[]>; readonly default: () => never[]; }; ... 13 more ...; readonly paddingBottom: { ...; }; }>, ... 18 more ...,...'.
src/views/chatHistory/index.vue(82,31): error TS2339: Property 'item' does not exist on type '{ formatDateGroupLabel: (timestamp: number) => string; NVirtualList: DefineComponent<ExtractPropTypes<{ readonly scrollbarProps: PropType<ScrollbarProps>; readonly items: { readonly type: PropType<ItemData[]>; readonly default: () => never[]; }; ... 13 more ...; readonly paddingBottom: { ...; }; }>, ... 18 more ...,...'.
src/views/chatHistory/index.vue(83,31): error TS2339: Property 'item' does not exist on type '{ formatDateGroupLabel: (timestamp: number) => string; NVirtualList: DefineComponent<ExtractPropTypes<{ readonly scrollbarProps: PropType<ScrollbarProps>; readonly items: { readonly type: PropType<ItemData[]>; readonly default: () => never[]; }; ... 13 more ...; readonly paddingBottom: { ...; }; }>, ... 18 more ...,...'.
src/views/chatHistory/index.vue(85,52): error TS2339: Property 'item' does not exist on type '{ formatDateGroupLabel: (timestamp: number) => string; NVirtualList: DefineComponent<ExtractPropTypes<{ readonly scrollbarProps: PropType<ScrollbarProps>; readonly items: { readonly type: PropType<ItemData[]>; readonly default: () => never[]; }; ... 13 more ...; readonly paddingBottom: { ...; }; }>, ... 18 more ...,...'.
src/views/chatHistory/index.vue(86,43): error TS2339: Property 'item' does not exist on type '{ formatDateGroupLabel: (timestamp: number) => string; NVirtualList: DefineComponent<ExtractPropTypes<{ readonly scrollbarProps: PropType<ScrollbarProps>; readonly items: { readonly type: PropType<ItemData[]>; readonly default: () => never[]; }; ... 13 more ...; readonly paddingBottom: { ...; }; }>, ... 18 more ...,...'.
src/views/chatHistory/index.vue(88,33): error TS2339: Property 'item' does not exist on type '{ formatDateGroupLabel: (timestamp: number) => string; NVirtualList: DefineComponent<ExtractPropTypes<{ readonly scrollbarProps: PropType<ScrollbarProps>; readonly items: { readonly type: PropType<ItemData[]>; readonly default: () => never[]; }; ... 13 more ...; readonly paddingBottom: { ...; }; }>, ... 18 more ...,...'.
src/views/chatHistory/index.vue(89,35): error TS2339: Property 'item' does not exist on type '{ formatDateGroupLabel: (timestamp: number) => string; NVirtualList: DefineComponent<ExtractPropTypes<{ readonly scrollbarProps: PropType<ScrollbarProps>; readonly items: { readonly type: PropType<ItemData[]>; readonly default: () => never[]; }; ... 13 more ...; readonly paddingBottom: { ...; }; }>, ... 18 more ...,...'.
src/views/homeWindow/FriendsList.vue(76,35): error TS2339: Property 'slotProps' does not exist on type '{ RoomTypeEnum: typeof RoomTypeEnum; ThemeEnum: typeof ThemeEnum; msg: { success: (content: string | number | boolean, options?: MessageOptions | undefined) => MessageInstance | undefined; error: (content: string | ... 1 more ... | boolean, options?: MessageOptions | undefined) => MessageInstance | undefined; info: ...'.
src/views/homeWindow/FriendsList.vue(79,44): error TS2339: Property 'slotProps' does not exist on type '{ RoomTypeEnum: typeof RoomTypeEnum; ThemeEnum: typeof ThemeEnum; msg: { success: (content: string | number | boolean, options?: MessageOptions | undefined) => MessageInstance | undefined; error: (content: string | ... 1 more ... | boolean, options?: MessageOptions | undefined) => MessageInstance | undefined; info: ...'.
src/views/homeWindow/FriendsList.vue(85,40): error TS2339: Property 'slotProps' does not exist on type '{ RoomTypeEnum: typeof RoomTypeEnum; ThemeEnum: typeof ThemeEnum; msg: { success: (content: string | number | boolean, options?: MessageOptions | undefined) => MessageInstance | undefined; error: (content: string | ... 1 more ... | boolean, options?: MessageOptions | undefined) => MessageInstance | undefined; info: ...'.
src/views/homeWindow/FriendsList.vue(91,49): error TS2339: Property 'slotProps' does not exist on type '{ RoomTypeEnum: typeof RoomTypeEnum; ThemeEnum: typeof ThemeEnum; msg: { success: (content: string | number | boolean, options?: MessageOptions | undefined) => MessageInstance | undefined; error: (content: string | ... 1 more ... | boolean, options?: MessageOptions | undefined) => MessageInstance | undefined; info: ...'.
src/views/homeWindow/FriendsList.vue(97,38): error TS2339: Property 'slotProps' does not exist on type '{ RoomTypeEnum: typeof RoomTypeEnum; ThemeEnum: typeof ThemeEnum; msg: { success: (content: string | number | boolean, options?: MessageOptions | undefined) => MessageInstance | undefined; error: (content: string | ... 1 more ... | boolean, options?: MessageOptions | undefined) => MessageInstance | undefined; info: ...'.
src/views/homeWindow/FriendsList.vue(98,38): error TS2339: Property 'slotProps' does not exist on type '{ RoomTypeEnum: typeof RoomTypeEnum; ThemeEnum: typeof ThemeEnum; msg: { success: (content: string | number | boolean, options?: MessageOptions | undefined) => MessageInstance | undefined; error: (content: string | ... 1 more ... | boolean, options?: MessageOptions | undefined) => MessageInstance | undefined; info: ...'.
src/views/homeWindow/FriendsList.vue(99,38): error TS2339: Property 'slotProps' does not exist on type '{ RoomTypeEnum: typeof RoomTypeEnum; ThemeEnum: typeof ThemeEnum; msg: { success: (content: string | number | boolean, options?: MessageOptions | undefined) => MessageInstance | undefined; error: (content: string | ... 1 more ... | boolean, options?: MessageOptions | undefined) => MessageInstance | undefined; info: ...'.
src/views/homeWindow/FriendsList.vue(103,39): error TS2339: Property 'slotProps' does not exist on type '{ RoomTypeEnum: typeof RoomTypeEnum; ThemeEnum: typeof ThemeEnum; msg: { success: (content: string | number | boolean, options?: MessageOptions | undefined) => MessageInstance | undefined; error: (content: string | ... 1 more ... | boolean, options?: MessageOptions | undefined) => MessageInstance | undefined; info: ...'.
src/views/moreWindow/settings/Notification.vue(108,57): error TS2339: Property 'session' does not exist on type '{ AvatarUtils: typeof AvatarUtils; NTimePicker: DefineComponent<ExtractPropTypes<{ to: { type: PropType<string | boolean | HTMLElement>; default: undefined; }; bordered: { type: PropType<boolean | undefined>; default: undefined; }; ... 38 more ...; builtinThemeOverrides: PropType<...>; }>, ... 18 more ..., any>; ......'.
src/views/moreWindow/settings/Notification.vue(109,80): error TS2339: Property 'session' does not exist on type '{ AvatarUtils: typeof AvatarUtils; NTimePicker: DefineComponent<ExtractPropTypes<{ to: { type: PropType<string | boolean | HTMLElement>; default: undefined; }; bordered: { type: PropType<boolean | undefined>; default: undefined; }; ... 38 more ...; builtinThemeOverrides: PropType<...>; }>, ... 18 more ..., any>; ......'.
src/views/moreWindow/settings/Notification.vue(111,52): error TS2339: Property 'session' does not exist on type '{ AvatarUtils: typeof AvatarUtils; NTimePicker: DefineComponent<ExtractPropTypes<{ to: { type: PropType<string | boolean | HTMLElement>; default: undefined; }; bordered: { type: PropType<boolean | undefined>; default: undefined; }; ... 38 more ...; builtinThemeOverrides: PropType<...>; }>, ... 18 more ..., any>; ......'.
src/views/moreWindow/settings/Notification.vue(112,27): error TS2339: Property 'session' does not exist on type '{ AvatarUtils: typeof AvatarUtils; NTimePicker: DefineComponent<ExtractPropTypes<{ to: { type: PropType<string | boolean | HTMLElement>; default: undefined; }; bordered: { type: PropType<boolean | undefined>; default: undefined; }; ... 38 more ...; builtinThemeOverrides: PropType<...>; }>, ... 18 more ..., any>; ......'.
src/views/moreWindow/settings/Notification.vue(115,48): error TS2339: Property 'session' does not exist on type '{ AvatarUtils: typeof AvatarUtils; NTimePicker: DefineComponent<ExtractPropTypes<{ to: { type: PropType<string | boolean | HTMLElement>; default: undefined; }; bordered: { type: PropType<boolean | undefined>; default: undefined; }; ... 38 more ...; builtinThemeOverrides: PropType<...>; }>, ... 18 more ..., any>; ......'.
src/views/moreWindow/settings/Notification.vue(120,52): error TS2339: Property 'session' does not exist on type '{ AvatarUtils: typeof AvatarUtils; NTimePicker: DefineComponent<ExtractPropTypes<{ to: { type: PropType<string | boolean | HTMLElement>; default: undefined; }; bordered: { type: PropType<boolean | undefined>; default: undefined; }; ... 38 more ...; builtinThemeOverrides: PropType<...>; }>, ... 18 more ..., any>; ......'.
src/views/moreWindow/settings/Notification.vue(121,85): error TS2339: Property 'session' does not exist on type '{ AvatarUtils: typeof AvatarUtils; NTimePicker: DefineComponent<ExtractPropTypes<{ to: { type: PropType<string | boolean | HTMLElement>; default: undefined; }; bordered: { type: PropType<boolean | undefined>; default: undefined; }; ... 38 more ...; builtinThemeOverrides: PropType<...>; }>, ... 18 more ..., any>; ......'.
src/views/moreWindow/settings/Notification.vue(126,50): error TS2339: Property 'session' does not exist on type '{ AvatarUtils: typeof AvatarUtils; NTimePicker: DefineComponent<ExtractPropTypes<{ to: { type: PropType<string | boolean | HTMLElement>; default: undefined; }; bordered: { type: PropType<boolean | undefined>; default: undefined; }; ... 38 more ...; builtinThemeOverrides: PropType<...>; }>, ... 18 more ..., any>; ......'.
src/views/moreWindow/settings/Notification.vue(132,30): error TS2339: Property 'index' does not exist on type '{ AvatarUtils: typeof AvatarUtils; NTimePicker: DefineComponent<ExtractPropTypes<{ to: { type: PropType<string | boolean | HTMLElement>; default: undefined; }; bordered: { type: PropType<boolean | undefined>; default: undefined; }; ... 38 more ...; builtinThemeOverrides: PropType<...>; }>, ... 18 more ..., any>; ......'.
 ELIFECYCLE  Command failed with exit code 2.
